id: xml10
href: "http://www.w3.org/TR/2008/REC-xml-20081126/"
title: "Extensible Markup Language (XML) 1.0 (Fifth Edition)"
authors: ["Tim Bray", "Jean Paoli", "C. M. Sperberg-McQueen", "Eve Maler", "François Yergeau"]
date: "2008-11-26"
publisher: {
  href: "http://www.w3.org/",
  name: "World Wide Web Consortium",
  abbr: W3C}
